<?xml version="1.0" encoding="utf-8"?><testsuites><testsuite errors="0" failures="0" hostname="iaf-E490" name="pytest" skipped="0" tests="2" time="0.111" timestamp="2020-10-21T10:41:38.249444"><testcase classname="tests.test_parser" file="tests/test_parser.py" line="4" name="test_config" time="0.016"></testcase><testcase classname="tests.test_parser" file="tests/test_parser.py" line="11" name="test_parser_1" time="0.021"></testcase></testsuite></testsuites>